{
  "exclude": {
    "files": null,
    "lines": null
  },
  "generated_at": "2026-07-01T23:55:11Z",
  "plugins_used": [
    {
      "name": "AWSKeyDetector"
    },
    {
      "name": "ArtifactoryDetector"
    },
    {
      "name": "AzureStorageKeyDetector"
    },
    {
      "base64_limit": 4.5,
      "name": "Base64HighEntropyString"
    },
    {
      "name": "BasicAuthDetector"
    },
    {
      "name": "BoxDetector"
    },
    {
      "name": "CloudantDetector"
    },
    {
      "ghe_instance": "github.ibm.com",
      "name": "GheDetector"
    },
    {
      "name": "GitHubTokenDetector"
    },
    {
      "hex_limit": 3,
      "name": "HexHighEntropyString"
    },
    {
      "name": "IbmCloudIamDetector"
    },
    {
      "name": "IbmCosHmacDetector"
    },
    {
      "name": "JwtTokenDetector"
    },
    {
      "keyword_exclude": null,
      "name": "KeywordDetector"
    },
    {
      "name": "MailchimpDetector"
    },
    {
      "name": "NpmDetector"
    },
    {
      "name": "PrivateKeyDetector"
    },
    {
      "name": "SlackDetector"
    },
    {
      "name": "SoftlayerDetector"
    },
    {
      "name": "SquareOAuthDetector"
    },
    {
      "name": "StripeDetector"
    },
    {
      "name": "TwilioKeyDetector"
    }
  ],
  "results": {
    "README.md": [
      {
        "hashed_secret": "28f7fde4c0ae8badc391b5c71819ff59f8444724",
        "is_secret": false,
        "is_verified": false,
        "line_number": 61,
        "type": "Secret Keyword",
        "verified_result": null
      }
    ],
    "Sources/RelyingPartyKit/Client.swift": [
      {
        "hashed_secret": "28f7fde4c0ae8badc391b5c71819ff59f8444724",
        "is_secret": false,
        "is_verified": false,
        "line_number": 360,
        "type": "Secret Keyword",
        "verified_result": null
      }
    ],
    "Tests/RelyingPartyKitTests/RelyingPartyKitTests.swift": [
      {
        "hashed_secret": "28f7fde4c0ae8badc391b5c71819ff59f8444724",
        "is_secret": false,
        "is_verified": false,
        "line_number": 163,
        "type": "Secret Keyword",
        "verified_result": null
      }
    ],
    "fr/README.md": [
      {
        "hashed_secret": "28f7fde4c0ae8badc391b5c71819ff59f8444724",
        "is_secret": false,
        "is_verified": false,
        "line_number": 61,
        "type": "Secret Keyword",
        "verified_result": null
      }
    ]
  },
  "version": "0.13.1+ibm.64.dss",
  "word_list": {
    "file": null,
    "hash": null
  }
}
